Flow report for or1420SingleCore
Wed Jun  5 16:10:51 2024
Quartus Prime Version 18.1.1 Build 646 04/11/2019 SJ Lite Edition


---------------------
; Table of Contents ;
---------------------
  1. Legal Notice
  2. Flow Summary
  3. Flow Settings
  4. Flow Non-Default Global Settings
  5. Flow Elapsed Time
  6. Flow OS Summary
  7. Flow Log
  8. Flow Messages
  9. Flow Suppressed Messages



----------------
; Legal Notice ;
----------------
Copyright (C) 2019  Intel Corporation. All rights reserved.
Your use of Intel Corporation's design tools, logic functions 
and other software and tools, and any partner logic 
functions, and any output files from any of the foregoing 
(including device programming or simulation files), and any 
associated documentation or information are expressly subject 
to the terms and conditions of the Intel Program License 
Subscription Agreement, the Intel Quartus Prime License Agreement,
the Intel FPGA IP License Agreement, or other applicable license
agreement, including, without limitation, that your use is for
the sole purpose of programming logic devices manufactured by
Intel and sold by Intel or its authorized distributors.  Please
refer to the applicable agreement for further details, at
https://fpgasoftware.intel.com/eula.



+----------------------------------------------------------------------------------+
; Flow Summary                                                                     ;
+------------------------------------+---------------------------------------------+
; Flow Status                        ; Successful - Wed Jun  5 16:10:40 2024       ;
; Quartus Prime Version              ; 18.1.1 Build 646 04/11/2019 SJ Lite Edition ;
; Revision Name                      ; or1420SingleCore                            ;
; Top-level Entity Name              ; or1420SingleCore                            ;
; Family                             ; Cyclone IV E                                ;
; Device                             ; EP4CE30F23C8                                ;
; Timing Models                      ; Final                                       ;
; Total logic elements               ; 15,206 / 28,848 ( 53 % )                    ;
;     Total combinational functions  ; 14,236 / 28,848 ( 49 % )                    ;
;     Dedicated logic registers      ; 6,629 / 28,848 ( 23 % )                     ;
; Total registers                    ; 6629                                        ;
; Total pins                         ; 113 / 329 ( 34 % )                          ;
; Total virtual pins                 ; 0                                           ;
; Total memory bits                  ; 307,616 / 608,256 ( 51 % )                  ;
; Embedded Multiplier 9-bit elements ; 9 / 132 ( 7 % )                             ;
; Total PLLs                         ; 1 / 4 ( 25 % )                              ;
+------------------------------------+---------------------------------------------+


+-----------------------------------------+
; Flow Settings                           ;
+-------------------+---------------------+
; Option            ; Setting             ;
+-------------------+---------------------+
; Start date & time ; 06/05/2024 16:07:54 ;
; Main task         ; Compilation         ;
; Revision Name     ; or1420SingleCore    ;
+-------------------+---------------------+


+-------------------------------------------------------------------------------------------------+
; Flow Non-Default Global Settings                                                                ;
+-----------------------+------------------------------+---------------+-------------+------------+
; Assignment Name       ; Value                        ; Default Value ; Entity Name ; Section Id ;
+-----------------------+------------------------------+---------------+-------------+------------+
; COMPILER_SIGNATURE_ID ; 345052345749.171759647408213 ; --            ; --          ; --         ;
+-----------------------+------------------------------+---------------+-------------+------------+


+--------------------------------------------------------------------------------------------------------------------------+
; Flow Elapsed Time                                                                                                        ;
+----------------------+--------------+-------------------------+---------------------+------------------------------------+
; Module Name          ; Elapsed Time ; Average Processors Used ; Peak Virtual Memory ; Total CPU Time (on all processors) ;
+----------------------+--------------+-------------------------+---------------------+------------------------------------+
; Analysis & Synthesis ; 00:00:45     ; 1.0                     ; 1087 MB             ; 00:00:54                           ;
; Fitter               ; 00:01:51     ; 1.1                     ; 1763 MB             ; 00:02:59                           ;
; Assembler            ; 00:00:03     ; 1.0                     ; 845 MB              ; 00:00:02                           ;
; Timing Analyzer      ; 00:00:10     ; 1.5                     ; 1056 MB             ; 00:00:12                           ;
; Total                ; 00:02:49     ; --                      ; --                  ; 00:04:07                           ;
+----------------------+--------------+-------------------------+---------------------+------------------------------------+


+----------------------------------------------------------------------------------------+
; Flow OS Summary                                                                        ;
+----------------------+------------------+----------------+------------+----------------+
; Module Name          ; Machine Hostname ; OS Name        ; OS Version ; Processor type ;
+----------------------+------------------+----------------+------------+----------------+
; Analysis & Synthesis ; ic-24MA-spr-009  ; Ubuntu 22.04.4 ; 22         ; x86_64         ;
; Fitter               ; ic-24MA-spr-009  ; Ubuntu 22.04.4 ; 22         ; x86_64         ;
; Assembler            ; ic-24MA-spr-009  ; Ubuntu 22.04.4 ; 22         ; x86_64         ;
; Timing Analyzer      ; ic-24MA-spr-009  ; Ubuntu 22.04.4 ; 22         ; x86_64         ;
+----------------------+------------------+----------------+------------+----------------+


------------
; Flow Log ;
------------
quartus_map --family="Cyclone IV E" or1420SingleCore
quartus_fit --part=EP4CE30F23C8 --set="FITTER_EFFORT=STANDARD FIT" --set=SMART_RECOMPILE=ON --set=CYCLONE_OPTIMIZATION_TECHNIQUE=SPEED --set="RESERVE_ALL_UNUSED_PINS=AS INPUT TRI-STATED" --set=MUX_RESTRUCTURE=OFF --set=PHYSICAL_SYNTHESIS_REGISTER_RETIMING=ON --set=PHYSICAL_SYNTHESIS_EFFORT=EXTRA --set="FMAX_REQUIREMENT=80 MHz" --set="RESERVE_NCEO_AFTER_CONFIGURATION=USE AS REGULAR IO" --set="CYCLONEII_RESERVE_NCEO_AFTER_CONFIGURATION=USE AS REGULAR IO" or1420SingleCore
quartus_asm or1420SingleCore
quartus_sta or1420SingleCore



